// This document is auto generated!
public static class simple {
	public const string Name = "simple";
}
