// This document is auto generated!
var simple = {}
simple.Name = "simple"
